server/replit_integrations/audio/routes.ts(23,27): error TS2345: Argument of type 'string | string[]' is not assignable to parameter of type 'string'.
  Type 'string[]' is not assignable to type 'string'.
server/replit_integrations/audio/routes.ts(51,27): error TS2345: Argument of type 'string | string[]' is not assignable to parameter of type 'string'.
  Type 'string[]' is not assignable to type 'string'.
server/replit_integrations/audio/routes.ts(65,39): error TS2345: Argument of type 'string | string[]' is not assignable to parameter of type 'string'.
  Type 'string[]' is not assignable to type 'string'.
server/replit_integrations/auth/replitAuth.ts(33,36): error TS2345: Argument of type '{ id: string; email: string; firstName: string; lastName: string; profileImageUrl: string; }' is not assignable to parameter of type '{ email: string; password: string; id?: number | undefined; firstName?: string | null | undefined; lastName?: string | null | undefined; profileImageUrl?: string | null | undefined; createdAt?: Date | ... 1 more ... | undefined; updatedAt?: Date | ... 1 more ... | undefined; }'.
  Property 'password' is missing in type '{ id: string; email: string; firstName: string; lastName: string; profileImageUrl: string; }' but required in type '{ email: string; password: string; id?: number | undefined; firstName?: string | null | undefined; lastName?: string | null | undefined; profileImageUrl?: string | null | undefined; createdAt?: Date | ... 1 more ... | undefined; updatedAt?: Date | ... 1 more ... | undefined; }'.
server/replit_integrations/auth/replitAuth.ts(67,5): error TS2783: 'id' is specified more than once, so this usage will be overwritten.
server/replit_integrations/auth/storage.ts(14,56): error TS2769: No overload matches this call.
  Overload 1 of 3, '(left: PgColumn<{ name: "id"; tableName: "users"; dataType: "number"; columnType: "PgSerial"; data: number; driverParam: number; notNull: true; hasDefault: true; isPrimaryKey: true; isAutoincrement: false; ... 4 more ...; generated: undefined; }, {}, {}>, right: number | SQLWrapper): SQL<...>', gave the following error.
    Argument of type 'string' is not assignable to parameter of type 'number | SQLWrapper'.
  Overload 2 of 3, '(left: Aliased<string>, right: string | SQLWrapper): SQL<unknown>', gave the following error.
    Argument of type 'PgColumn<{ name: "id"; tableName: "users"; dataType: "number"; columnType: "PgSerial"; data: number; driverParam: number; notNull: true; hasDefault: true; isPrimaryKey: true; isAutoincrement: false; hasRuntimeDefault: false; enumValues: undefined; baseColumn: never; identity: undefined; generated: undefined; }, {}, ...' is not assignable to parameter of type 'Aliased<string>'.
      Type 'PgColumn<{ name: "id"; tableName: "users"; dataType: "number"; columnType: "PgSerial"; data: number; driverParam: number; notNull: true; hasDefault: true; isPrimaryKey: true; isAutoincrement: false; hasRuntimeDefault: false; enumValues: undefined; baseColumn: never; identity: undefined; generated: undefined; }, {}, ...' is missing the following properties from type 'Aliased<string>': sql, fieldAlias
  Overload 3 of 3, '(left: never, right: unknown): SQL<unknown>', gave the following error.
    Argument of type 'PgColumn<{ name: "id"; tableName: "users"; dataType: "number"; columnType: "PgSerial"; data: number; driverParam: number; notNull: true; hasDefault: true; isPrimaryKey: true; isAutoincrement: false; hasRuntimeDefault: false; enumValues: undefined; baseColumn: never; identity: undefined; generated: undefined; }, {}, ...' is not assignable to parameter of type 'never'.
server/replit_integrations/batch/utils.ts(110,30): error TS2339: Property 'AbortError' does not exist on type '<T>(input: (attemptNumber: number) => T | PromiseLike<T>, options?: Options | undefined) => Promise<T>'.
server/replit_integrations/batch/utils.ts(159,32): error TS2339: Property 'AbortError' does not exist on type '<T>(input: (attemptNumber: number) => T | PromiseLike<T>, options?: Options | undefined) => Promise<T>'.
server/replit_integrations/chat/routes.ts(25,27): error TS2345: Argument of type 'string | string[]' is not assignable to parameter of type 'string'.
  Type 'string[]' is not assignable to type 'string'.
server/replit_integrations/chat/routes.ts(53,27): error TS2345: Argument of type 'string | string[]' is not assignable to parameter of type 'string'.
  Type 'string[]' is not assignable to type 'string'.
server/replit_integrations/chat/routes.ts(65,39): error TS2345: Argument of type 'string | string[]' is not assignable to parameter of type 'string'.
  Type 'string[]' is not assignable to type 'string'.
server/replit_integrations/chat/storage.ts(25,59): error TS2769: No overload matches this call.
  Overload 1 of 2, '(value: { userId: number | SQL<unknown> | Placeholder<string, any>; title: string | SQL<unknown> | Placeholder<string, any>; id?: number | SQL<unknown> | Placeholder<string, any> | undefined; createdAt?: Date | ... 2 more ... | undefined; }): PgInsertBase<...>', gave the following error.
    Argument of type '{ title: string; }' is not assignable to parameter of type '{ userId: number | SQL<unknown> | Placeholder<string, any>; title: string | SQL<unknown> | Placeholder<string, any>; id?: number | SQL<unknown> | Placeholder<string, any> | undefined; createdAt?: Date | ... 2 more ... | undefined; }'.
      Property 'userId' is missing in type '{ title: string; }' but required in type '{ userId: number | SQL<unknown> | Placeholder<string, any>; title: string | SQL<unknown> | Placeholder<string, any>; id?: number | SQL<unknown> | Placeholder<string, any> | undefined; createdAt?: Date | ... 2 more ... | undefined; }'.
  Overload 2 of 2, '(values: { userId: number | SQL<unknown> | Placeholder<string, any>; title: string | SQL<unknown> | Placeholder<string, any>; id?: number | SQL<unknown> | Placeholder<string, any> | undefined; createdAt?: Date | ... 2 more ... | undefined; }[]): PgInsertBase<...>', gave the following error.
    Object literal may only specify known properties, and 'title' does not exist in type '{ userId: number | SQL<unknown> | Placeholder<string, any>; title: string | SQL<unknown> | Placeholder<string, any>; id?: number | SQL<unknown> | Placeholder<string, any> | undefined; createdAt?: Date | ... 2 more ... | undefined; }[]'.
server/replit_integrations/image/client.ts(23,18): error TS18048: 'response.data' is possibly 'undefined'.
server/replit_integrations/image/client.ts(50,23): error TS18048: 'response.data' is possibly 'undefined'.
server/replit_integrations/image/routes.ts(20,25): error TS18048: 'response.data' is possibly 'undefined'.
